
*** Running vivado
    with args -log fifo_wrapper.vds -m64 -product Vivado -mode batch -messageDb vivado.pb -notrace -source fifo_wrapper.tcl



****** Vivado v2025.2 (64-bit)
  **** SW Build 6299465 on Fri Nov 14 19:35:11 GMT 2025
  **** IP Build 6300035 on Fri Nov 14 10:48:45 MST 2025
  **** SharedData Build 6298862 on Thu Nov 13 04:50:51 MST 2025
  **** Start of session at: Thu Oct  8 19:13:53 2026
    ** Copyright 1986-2022 Xilinx, Inc. All Rights Reserved.
    ** Copyright 2022-2025 Advanced Micro Devices, Inc. All Rights Reserved.

source fifo_wrapper.tcl -notrace
create_project: Time (s): cpu = 00:00:13 ; elapsed = 00:00:09 . Memory (MB): peak = 525.578 ; gain = 220.441
Command: read_checkpoint -auto_incremental -incremental {C:/Documents/2026 Fall UA/ECE 580/Lab5/Lab5.srcs/utils_1/imports/synth_1/fifo_wrapper.dcp}
INFO: [Vivado 12-5825] Read reference checkpoint from C:/Documents/2026 Fall UA/ECE 580/Lab5/Lab5.srcs/utils_1/imports/synth_1/fifo_wrapper.dcp for incremental synthesis
INFO: [Vivado 12-7989] Please ensure there are no constraint changes
Command: synth_design -top fifo_wrapper -part xc7a35tcpg236-1
Starting synth_design
Attempting to get a license for feature 'Synthesis' and/or device 'xc7a35t'
INFO: [Common 17-349] Got license for feature 'Synthesis' and/or device 'xc7a35t'
INFO: [Device 21-403] Loading part xc7a35tcpg236-1
INFO: [Designutils 20-5440] No compile time benefit to using incremental synthesis; A full resynthesis will be run
INFO: [Designutils 20-4379] Flow is switching to default flow due to incremental criteria not met. If you would like to alter this behaviour and have the flow terminate instead, please set the following parameter config_implementation {autoIncr.Synth.RejectBehavior Terminate}
INFO: [Synth 8-7079] Multithreading enabled for synth_design using a maximum of 2 processes.
INFO: [Synth 8-7078] Launching helper process for spawning children vivado processes
INFO: [Synth 8-7075] Helper process launched with PID 15500
---------------------------------------------------------------------------------
Starting RTL Elaboration : Time (s): cpu = 00:00:07 ; elapsed = 00:00:08 . Memory (MB): peak = 1261.055 ; gain = 542.016
---------------------------------------------------------------------------------
INFO: [Synth 8-6157] synthesizing module 'fifo_wrapper' [C:/Documents/2026 Fall UA/ECE 580/Lab5/Lab5.srcs/sources_1/new/top_fifo_buffer.sv:3]
INFO: [Synth 8-6157] synthesizing module 'fifo_buffer' [C:/Documents/2026 Fall UA/ECE 580/Lab5/Lab5.srcs/sources_1/new/fifo_buffer.sv:5]
	Parameter WIDTH bound to: 32'sb00000000000000000000000000001000 
	Parameter DEPTH bound to: 32'sb00000000000000000000010000000000 
INFO: [Synth 8-6157] synthesizing module 'ram' [C:/Documents/2026 Fall UA/ECE 580/Lab5/Lab5.srcs/sources_1/new/ram.sv:5]
	Parameter WIDTH bound to: 32'sb00000000000000000000000000001000 
	Parameter DEPTH bound to: 32'sb00000000000000000000010000000000 
	Parameter ADDR_W bound to: 10 - type: integer 
INFO: [Synth 8-6155] done synthesizing module 'ram' (0#1) [C:/Documents/2026 Fall UA/ECE 580/Lab5/Lab5.srcs/sources_1/new/ram.sv:5]
INFO: [Synth 8-6155] done synthesizing module 'fifo_buffer' (0#1) [C:/Documents/2026 Fall UA/ECE 580/Lab5/Lab5.srcs/sources_1/new/fifo_buffer.sv:5]
INFO: [Synth 8-6155] done synthesizing module 'fifo_wrapper' (0#1) [C:/Documents/2026 Fall UA/ECE 580/Lab5/Lab5.srcs/sources_1/new/top_fifo_buffer.sv:3]
---------------------------------------------------------------------------------
Finished RTL Elaboration : Time (s): cpu = 00:00:10 ; elapsed = 00:00:11 . Memory (MB): peak = 1377.867 ; gain = 658.828
---------------------------------------------------------------------------------
---------------------------------------------------------------------------------
Start Handling Custom Attributes
---------------------------------------------------------------------------------
---------------------------------------------------------------------------------
Finished Handling Custom Attributes : Time (s): cpu = 00:00:10 ; elapsed = 00:00:11 . Memory (MB): peak = 1377.867 ; gain = 658.828
---------------------------------------------------------------------------------
---------------------------------------------------------------------------------
Finished RTL Optimization Phase 1 : Time (s): cpu = 00:00:10 ; elapsed = 00:00:11 . Memory (MB): peak = 1377.867 ; gain = 658.828
---------------------------------------------------------------------------------
Netlist sorting complete. Time (s): cpu = 00:00:00 ; elapsed = 00:00:00.003 . Memory (MB): peak = 1377.867 ; gain = 0.000
INFO: [Project 1-570] Preparing netlist for logic optimization

Processing XDC Constraints
Initializing timing engine
Parsing XDC File [C:/Documents/2026 Fall UA/ECE 580/Lab5/Lab5.srcs/constrs_1/imports/ECE 580/Basys-3-Master.xdc]
WARNING: [Vivado 12-584] No ports matched 'sw[0]'. [C:/Documents/2026 Fall UA/ECE 580/Lab5/Lab5.srcs/constrs_1/imports/ECE 580/Basys-3-Master.xdc:23]
CRITICAL WARNING: [Common 17-55] 'set_property' expects at least one object. [C:/Documents/2026 Fall UA/ECE 580/Lab5/Lab5.srcs/constrs_1/imports/ECE 580/Basys-3-Master.xdc:23]
Resolution: If [get_<value>] was used to populate the object, check to make sure this command returns at least one valid object.
WARNING: [Vivado 12-584] No ports matched 'sw[1]'. [C:/Documents/2026 Fall UA/ECE 580/Lab5/Lab5.srcs/constrs_1/imports/ECE 580/Basys-3-Master.xdc:24]
CRITICAL WARNING: [Common 17-55] 'set_property' expects at least one object. [C:/Documents/2026 Fall UA/ECE 580/Lab5/Lab5.srcs/constrs_1/imports/ECE 580/Basys-3-Master.xdc:24]
Resolution: If [get_<value>] was used to populate the object, check to make sure this command returns at least one valid object.
WARNING: [Vivado 12-584] No ports matched 'sw[2]'. [C:/Documents/2026 Fall UA/ECE 580/Lab5/Lab5.srcs/constrs_1/imports/ECE 580/Basys-3-Master.xdc:25]
CRITICAL WARNING: [Common 17-55] 'set_property' expects at least one object. [C:/Documents/2026 Fall UA/ECE 580/Lab5/Lab5.srcs/constrs_1/imports/ECE 580/Basys-3-Master.xdc:25]
Resolution: If [get_<value>] was used to populate the object, check to make sure this command returns at least one valid object.
WARNING: [Vivado 12-584] No ports matched 'sw[3]'. [C:/Documents/2026 Fall UA/ECE 580/Lab5/Lab5.srcs/constrs_1/imports/ECE 580/Basys-3-Master.xdc:26]
CRITICAL WARNING: [Common 17-55] 'set_property' expects at least one object. [C:/Documents/2026 Fall UA/ECE 580/Lab5/Lab5.srcs/constrs_1/imports/ECE 580/Basys-3-Master.xdc:26]
Resolution: If [get_<value>] was used to populate the object, check to make sure this command returns at least one valid object.
WARNING: [Vivado 12-584] No ports matched 'sw[10]'. [C:/Documents/2026 Fall UA/ECE 580/Lab5/Lab5.srcs/constrs_1/imports/ECE 580/Basys-3-Master.xdc:33]
CRITICAL WARNING: [Common 17-55] 'set_property' expects at least one object. [C:/Documents/2026 Fall UA/ECE 580/Lab5/Lab5.srcs/constrs_1/imports/ECE 580/Basys-3-Master.xdc:33]
Resolution: If [get_<value>] was used to populate the object, check to make sure this command returns at least one valid object.
WARNING: [Vivado 12-584] No ports matched 'sw[11]'. [C:/Documents/2026 Fall UA/ECE 580/Lab5/Lab5.srcs/constrs_1/imports/ECE 580/Basys-3-Master.xdc:34]
CRITICAL WARNING: [Common 17-55] 'set_property' expects at least one object. [C:/Documents/2026 Fall UA/ECE 580/Lab5/Lab5.srcs/constrs_1/imports/ECE 580/Basys-3-Master.xdc:34]
Resolution: If [get_<value>] was used to populate the object, check to make sure this command returns at least one valid object.
WARNING: [Vivado 12-584] No ports matched 'sw[12]'. [C:/Documents/2026 Fall UA/ECE 580/Lab5/Lab5.srcs/constrs_1/imports/ECE 580/Basys-3-Master.xdc:35]
CRITICAL WARNING: [Common 17-55] 'set_property' expects at least one object. [C:/Documents/2026 Fall UA/ECE 580/Lab5/Lab5.srcs/constrs_1/imports/ECE 580/Basys-3-Master.xdc:35]
Resolution: If [get_<value>] was used to populate the object, check to make sure this command returns at least one valid object.
WARNING: [Vivado 12-584] No ports matched 'sw[13]'. [C:/Documents/2026 Fall UA/ECE 580/Lab5/Lab5.srcs/constrs_1/imports/ECE 580/Basys-3-Master.xdc:36]
CRITICAL WARNING: [Common 17-55] 'set_property' expects at least one object. [C:/Documents/2026 Fall UA/ECE 580/Lab5/Lab5.srcs/constrs_1/imports/ECE 580/Basys-3-Master.xdc:36]
Resolution: If [get_<value>] was used to populate the object, check to make sure this command returns at least one valid object.
WARNING: [Vivado 12-584] No ports matched 'sw[14]'. [C:/Documents/2026 Fall UA/ECE 580/Lab5/Lab5.srcs/constrs_1/imports/ECE 580/Basys-3-Master.xdc:37]
CRITICAL WARNING: [Common 17-55] 'set_property' expects at least one object. [C:/Documents/2026 Fall UA/ECE 580/Lab5/Lab5.srcs/constrs_1/imports/ECE 580/Basys-3-Master.xdc:37]
Resolution: If [get_<value>] was used to populate the object, check to make sure this command returns at least one valid object.
WARNING: [Vivado 12-584] No ports matched 'sw[15]'. [C:/Documents/2026 Fall UA/ECE 580/Lab5/Lab5.srcs/constrs_1/imports/ECE 580/Basys-3-Master.xdc:38]
CRITICAL WARNING: [Common 17-55] 'set_property' expects at least one object. [C:/Documents/2026 Fall UA/ECE 580/Lab5/Lab5.srcs/constrs_1/imports/ECE 580/Basys-3-Master.xdc:38]
Resolution: If [get_<value>] was used to populate the object, check to make sure this command returns at least one valid object.
WARNING: [Vivado 12-584] No ports matched 'led[0]'. [C:/Documents/2026 Fall UA/ECE 580/Lab5/Lab5.srcs/constrs_1/imports/ECE 580/Basys-3-Master.xdc:43]
CRITICAL WARNING: [Common 17-55] 'set_property' expects at least one object. [C:/Documents/2026 Fall UA/ECE 580/Lab5/Lab5.srcs/constrs_1/imports/ECE 580/Basys-3-Master.xdc:43]
Resolution: If [get_<value>] was used to populate the object, check to make sure this command returns at least one valid object.
WARNING: [Vivado 12-584] No ports matched 'led[1]'. [C:/Documents/2026 Fall UA/ECE 580/Lab5/Lab5.srcs/constrs_1/imports/ECE 580/Basys-3-Master.xdc:44]
CRITICAL WARNING: [Common 17-55] 'set_property' expects at least one object. [C:/Documents/2026 Fall UA/ECE 580/Lab5/Lab5.srcs/constrs_1/imports/ECE 580/Basys-3-Master.xdc:44]
Resolution: If [get_<value>] was used to populate the object, check to make sure this command returns at least one valid object.
WARNING: [Vivado 12-584] No ports matched 'led[2]'. [C:/Documents/2026 Fall UA/ECE 580/Lab5/Lab5.srcs/constrs_1/imports/ECE 580/Basys-3-Master.xdc:45]
CRITICAL WARNING: [Common 17-55] 'set_property' expects at least one object. [C:/Documents/2026 Fall UA/ECE 580/Lab5/Lab5.srcs/constrs_1/imports/ECE 580/Basys-3-Master.xdc:45]
Resolution: If [get_<value>] was used to populate the object, check to make sure this command returns at least one valid object.
WARNING: [Vivado 12-584] No ports matched 'led[3]'. [C:/Documents/2026 Fall UA/ECE 580/Lab5/Lab5.srcs/constrs_1/imports/ECE 580/Basys-3-Master.xdc:46]
CRITICAL WARNING: [Common 17-55] 'set_property' expects at least one object. [C:/Documents/2026 Fall UA/ECE 580/Lab5/Lab5.srcs/constrs_1/imports/ECE 580/Basys-3-Master.xdc:46]
Resolution: If [get_<value>] was used to populate the object, check to make sure this command returns at least one valid object.
WARNING: [Vivado 12-584] No ports matched 'led[4]'. [C:/Documents/2026 Fall UA/ECE 580/Lab5/Lab5.srcs/constrs_1/imports/ECE 580/Basys-3-Master.xdc:47]
CRITICAL WARNING: [Common 17-55] 'set_property' expects at least one object. [C:/Documents/2026 Fall UA/ECE 580/Lab5/Lab5.srcs/constrs_1/imports/ECE 580/Basys-3-Master.xdc:47]
Resolution: If [get_<value>] was used to populate the object, check to make sure this command returns at least one valid object.
WARNING: [Vivado 12-584] No ports matched 'led[5]'. [C:/Documents/2026 Fall UA/ECE 580/Lab5/Lab5.srcs/constrs_1/imports/ECE 580/Basys-3-Master.xdc:48]
CRITICAL WARNING: [Common 17-55] 'set_property' expects at least one object. [C:/Documents/2026 Fall UA/ECE 580/Lab5/Lab5.srcs/constrs_1/imports/ECE 580/Basys-3-Master.xdc:48]
Resolution: If [get_<value>] was used to populate the object, check to make sure this command returns at least one valid object.
WARNING: [Vivado 12-584] No ports matched 'led[6]'. [C:/Documents/2026 Fall UA/ECE 580/Lab5/Lab5.srcs/constrs_1/imports/ECE 580/Basys-3-Master.xdc:49]
CRITICAL WARNING: [Common 17-55] 'set_property' expects at least one object. [C:/Documents/2026 Fall UA/ECE 580/Lab5/Lab5.srcs/constrs_1/imports/ECE 580/Basys-3-Master.xdc:49]
Resolution: If [get_<value>] was used to populate the object, check to make sure this command returns at least one valid object.
WARNING: [Vivado 12-584] No ports matched 'led[7]'. [C:/Documents/2026 Fall UA/ECE 580/Lab5/Lab5.srcs/constrs_1/imports/ECE 580/Basys-3-Master.xdc:50]
CRITICAL WARNING: [Common 17-55] 'set_property' expects at least one object. [C:/Documents/2026 Fall UA/ECE 580/Lab5/Lab5.srcs/constrs_1/imports/ECE 580/Basys-3-Master.xdc:50]
Resolution: If [get_<value>] was used to populate the object, check to make sure this command returns at least one valid object.
WARNING: [Vivado 12-584] No ports matched 'led[8]'. [C:/Documents/2026 Fall UA/ECE 580/Lab5/Lab5.srcs/constrs_1/imports/ECE 580/Basys-3-Master.xdc:51]
CRITICAL WARNING: [Common 17-55] 'set_property' expects at least one object. [C:/Documents/2026 Fall UA/ECE 580/Lab5/Lab5.srcs/constrs_1/imports/ECE 580/Basys-3-Master.xdc:51]
Resolution: If [get_<value>] was used to populate the object, check to make sure this command returns at least one valid object.
WARNING: [Vivado 12-584] No ports matched 'led[9]'. [C:/Documents/2026 Fall UA/ECE 580/Lab5/Lab5.srcs/constrs_1/imports/ECE 580/Basys-3-Master.xdc:52]
CRITICAL WARNING: [Common 17-55] 'set_property' expects at least one object. [C:/Documents/2026 Fall UA/ECE 580/Lab5/Lab5.srcs/constrs_1/imports/ECE 580/Basys-3-Master.xdc:52]
Resolution: If [get_<value>] was used to populate the object, check to make sure this command returns at least one valid object.
WARNING: [Vivado 12-584] No ports matched 'led[10]'. [C:/Documents/2026 Fall UA/ECE 580/Lab5/Lab5.srcs/constrs_1/imports/ECE 580/Basys-3-Master.xdc:53]
CRITICAL WARNING: [Common 17-55] 'set_property' expects at least one object. [C:/Documents/2026 Fall UA/ECE 580/Lab5/Lab5.srcs/constrs_1/imports/ECE 580/Basys-3-Master.xdc:53]
Resolution: If [get_<value>] was used to populate the object, check to make sure this command returns at least one valid object.
WARNING: [Vivado 12-584] No ports matched 'led[11]'. [C:/Documents/2026 Fall UA/ECE 580/Lab5/Lab5.srcs/constrs_1/imports/ECE 580/Basys-3-Master.xdc:54]
CRITICAL WARNING: [Common 17-55] 'set_property' expects at least one object. [C:/Documents/2026 Fall UA/ECE 580/Lab5/Lab5.srcs/constrs_1/imports/ECE 580/Basys-3-Master.xdc:54]
Resolution: If [get_<value>] was used to populate the object, check to make sure this command returns at least one valid object.
WARNING: [Vivado 12-584] No ports matched 'led[12]'. [C:/Documents/2026 Fall UA/ECE 580/Lab5/Lab5.srcs/constrs_1/imports/ECE 580/Basys-3-Master.xdc:55]
CRITICAL WARNING: [Common 17-55] 'set_property' expects at least one object. [C:/Documents/2026 Fall UA/ECE 580/Lab5/Lab5.srcs/constrs_1/imports/ECE 580/Basys-3-Master.xdc:55]
Resolution: If [get_<value>] was used to populate the object, check to make sure this command returns at least one valid object.
WARNING: [Vivado 12-584] No ports matched 'led[13]'. [C:/Documents/2026 Fall UA/ECE 580/Lab5/Lab5.srcs/constrs_1/imports/ECE 580/Basys-3-Master.xdc:56]
CRITICAL WARNING: [Common 17-55] 'set_property' expects at least one object. [C:/Documents/2026 Fall UA/ECE 580/Lab5/Lab5.srcs/constrs_1/imports/ECE 580/Basys-3-Master.xdc:56]
Resolution: If [get_<value>] was used to populate the object, check to make sure this command returns at least one valid object.
WARNING: [Vivado 12-584] No ports matched 'led[14]'. [C:/Documents/2026 Fall UA/ECE 580/Lab5/Lab5.srcs/constrs_1/imports/ECE 580/Basys-3-Master.xdc:57]
CRITICAL WARNING: [Common 17-55] 'set_property' expects at least one object. [C:/Documents/2026 Fall UA/ECE 580/Lab5/Lab5.srcs/constrs_1/imports/ECE 580/Basys-3-Master.xdc:57]
Resolution: If [get_<value>] was used to populate the object, check to make sure this command returns at least one valid object.
WARNING: [Vivado 12-584] No ports matched 'led[15]'. [C:/Documents/2026 Fall UA/ECE 580/Lab5/Lab5.srcs/constrs_1/imports/ECE 580/Basys-3-Master.xdc:58]
CRITICAL WARNING: [Common 17-55] 'set_property' expects at least one object. [C:/Documents/2026 Fall UA/ECE 580/Lab5/Lab5.srcs/constrs_1/imports/ECE 580/Basys-3-Master.xdc:58]
Resolution: If [get_<value>] was used to populate the object, check to make sure this command returns at least one valid object.
Finished Parsing XDC File [C:/Documents/2026 Fall UA/ECE 580/Lab5/Lab5.srcs/constrs_1/imports/ECE 580/Basys-3-Master.xdc]
Completed Processing XDC Constraints

Netlist sorting complete. Time (s): cpu = 00:00:00 ; elapsed = 00:00:00 . Memory (MB): peak = 1408.926 ; gain = 0.000
INFO: [Project 1-111] Unisim Transformation Summary:
No Unisim elements were transformed.

Constraint Validation Runtime : Time (s): cpu = 00:00:00 ; elapsed = 00:00:00.005 . Memory (MB): peak = 1408.926 ; gain = 0.000
INFO: [Designutils 20-5440] No compile time benefit to using incremental synthesis; A full resynthesis will be run
INFO: [Designutils 20-4379] Flow is switching to default flow due to incremental criteria not met. If you would like to alter this behaviour and have the flow terminate instead, please set the following parameter config_implementation {autoIncr.Synth.RejectBehavior Terminate}
---------------------------------------------------------------------------------
Finished Constraint Validation : Time (s): cpu = 00:00:21 ; elapsed = 00:00:23 . Memory (MB): peak = 1408.926 ; gain = 689.887
---------------------------------------------------------------------------------
---------------------------------------------------------------------------------
Start Loading Part and Timing Information
---------------------------------------------------------------------------------
Loading part: xc7a35tcpg236-1
---------------------------------------------------------------------------------
Finished Loading Part and Timing Information : Time (s): cpu = 00:00:21 ; elapsed = 00:00:23 . Memory (MB): peak = 1408.926 ; gain = 689.887
---------------------------------------------------------------------------------
---------------------------------------------------------------------------------
Start Applying 'set_property' XDC Constraints
---------------------------------------------------------------------------------
---------------------------------------------------------------------------------
Finished applying 'set_property' XDC Constraints : Time (s): cpu = 00:00:21 ; elapsed = 00:00:23 . Memory (MB): peak = 1408.926 ; gain = 689.887
---------------------------------------------------------------------------------
---------------------------------------------------------------------------------
Finished RTL Optimization Phase 2 : Time (s): cpu = 00:00:21 ; elapsed = 00:00:24 . Memory (MB): peak = 1408.926 ; gain = 689.887
---------------------------------------------------------------------------------
---------------------------------------------------------------------------------
Start RTL Component Statistics 
---------------------------------------------------------------------------------
Detailed RTL Component Info : 
+---Adders : 
	   2 Input   11 Bit       Adders := 1     
	   2 Input   10 Bit       Adders := 2     
+---Registers : 
	               11 Bit    Registers := 1     
	               10 Bit    Registers := 2     
	                8 Bit    Registers := 1     
+---RAMs : 
	               8K Bit	(1024 X 8 bit)          RAMs := 1     
+---Muxes : 
	   3 Input    2 Bit        Muxes := 1     
	   3 Input    1 Bit        Muxes := 1     
---------------------------------------------------------------------------------
Finished RTL Component Statistics 
---------------------------------------------------------------------------------
---------------------------------------------------------------------------------
Start Part Resource Summary
---------------------------------------------------------------------------------
Part Resources:
DSPs: 90 (col length:60)
BRAMs: 100 (col length: RAMB18 60 RAMB36 30)
---------------------------------------------------------------------------------
Finished Part Resource Summary
---------------------------------------------------------------------------------
---------------------------------------------------------------------------------
Start Cross Boundary and Area Optimization
---------------------------------------------------------------------------------
---------------------------------------------------------------------------------
Finished Cross Boundary and Area Optimization : Time (s): cpu = 00:00:24 ; elapsed = 00:00:27 . Memory (MB): peak = 1420.711 ; gain = 701.672
---------------------------------------------------------------------------------
---------------------------------------------------------------------------------
Start ROM, RAM, DSP, Shift Register and Retiming Reporting
---------------------------------------------------------------------------------

Block RAM: Preliminary Mapping Report (see note below)
+-------------+---------------------------+------------------------+---+---+------------------------+---+---+------------------+--------+--------+
|Module Name  | RTL Object                | PORT A (Depth x Width) | W | R | PORT B (Depth x Width) | W | R | Ports driving FF | RAMB18 | RAMB36 | 
+-------------+---------------------------+------------------------+---+---+------------------------+---+---+------------------+--------+--------+
|fifo_wrapper | fifo_inst/ram_mod/mem_reg | 1 K x 8(READ_FIRST)    | W |   | 1 K x 8(WRITE_FIRST)   |   | R | Port A and B     | 1      | 0      | 
+-------------+---------------------------+------------------------+---+---+------------------------+---+---+------------------+--------+--------+

Note: The table above is a preliminary report that shows the Block RAMs at the current stage of the synthesis flow. Some Block RAMs may be reimplemented as non Block RAM primitives later in the synthesis flow. Multiple instantiated Block RAMs are reported only once. 
---------------------------------------------------------------------------------
Finished ROM, RAM, DSP, Shift Register and Retiming Reporting
---------------------------------------------------------------------------------
---------------------------------------------------------------------------------
Start Applying XDC Timing Constraints
---------------------------------------------------------------------------------
---------------------------------------------------------------------------------
Finished Applying XDC Timing Constraints : Time (s): cpu = 00:00:31 ; elapsed = 00:00:34 . Memory (MB): peak = 1565.590 ; gain = 846.551
---------------------------------------------------------------------------------
---------------------------------------------------------------------------------
Start Timing Optimization
---------------------------------------------------------------------------------
---------------------------------------------------------------------------------
Finished Timing Optimization : Time (s): cpu = 00:00:31 ; elapsed = 00:00:34 . Memory (MB): peak = 1565.688 ; gain = 846.648
---------------------------------------------------------------------------------
---------------------------------------------------------------------------------
Start ROM, RAM, DSP, Shift Register and Retiming Reporting
---------------------------------------------------------------------------------

Block RAM: Final Mapping Report
+-------------+---------------------------+------------------------+---+---+------------------------+---+---+------------------+--------+--------+
|Module Name  | RTL Object                | PORT A (Depth x Width) | W | R | PORT B (Depth x Width) | W | R | Ports driving FF | RAMB18 | RAMB36 | 
+-------------+---------------------------+------------------------+---+---+------------------------+---+---+------------------+--------+--------+
|fifo_wrapper | fifo_inst/ram_mod/mem_reg | 1 K x 8(READ_FIRST)    | W |   | 1 K x 8(WRITE_FIRST)   |   | R | Port A and B     | 1      | 0      | 
+-------------+---------------------------+------------------------+---+---+------------------------+---+---+------------------+--------+--------+

---------------------------------------------------------------------------------
Finished ROM, RAM, DSP, Shift Register and Retiming Reporting
---------------------------------------------------------------------------------
---------------------------------------------------------------------------------
Start Technology Mapping
---------------------------------------------------------------------------------
INFO: [Synth 8-7052] The timing for the instance fifo_inst/ram_mod/mem_reg (implemented as a Block RAM) might be sub-optimal as no optional output register could be merged into the ram block. Providing additional output register may help in improving timing.
---------------------------------------------------------------------------------
Finished Technology Mapping : Time (s): cpu = 00:00:31 ; elapsed = 00:00:34 . Memory (MB): peak = 1575.234 ; gain = 856.195
---------------------------------------------------------------------------------
---------------------------------------------------------------------------------
Start IO Insertion
---------------------------------------------------------------------------------
---------------------------------------------------------------------------------
Start Flattening Before IO Insertion
---------------------------------------------------------------------------------
---------------------------------------------------------------------------------
Finished Flattening Before IO Insertion
---------------------------------------------------------------------------------
---------------------------------------------------------------------------------
Start Final Netlist Cleanup
---------------------------------------------------------------------------------
---------------------------------------------------------------------------------
Finished Final Netlist Cleanup
---------------------------------------------------------------------------------
---------------------------------------------------------------------------------
Finished IO Insertion : Time (s): cpu = 00:00:36 ; elapsed = 00:00:40 . Memory (MB): peak = 1824.535 ; gain = 1105.496
---------------------------------------------------------------------------------
---------------------------------------------------------------------------------
Start Renaming Generated Instances
---------------------------------------------------------------------------------
---------------------------------------------------------------------------------
Finished Renaming Generated Instances : Time (s): cpu = 00:00:36 ; elapsed = 00:00:40 . Memory (MB): peak = 1824.535 ; gain = 1105.496
---------------------------------------------------------------------------------
---------------------------------------------------------------------------------
Start Rebuilding User Hierarchy
---------------------------------------------------------------------------------
---------------------------------------------------------------------------------
Finished Rebuilding User Hierarchy : Time (s): cpu = 00:00:36 ; elapsed = 00:00:40 . Memory (MB): peak = 1824.535 ; gain = 1105.496
---------------------------------------------------------------------------------
---------------------------------------------------------------------------------
Start Renaming Generated Ports
---------------------------------------------------------------------------------
---------------------------------------------------------------------------------
Finished Renaming Generated Ports : Time (s): cpu = 00:00:36 ; elapsed = 00:00:40 . Memory (MB): peak = 1824.535 ; gain = 1105.496
---------------------------------------------------------------------------------
---------------------------------------------------------------------------------
Start Handling Custom Attributes
---------------------------------------------------------------------------------
---------------------------------------------------------------------------------
Finished Handling Custom Attributes : Time (s): cpu = 00:00:36 ; elapsed = 00:00:40 . Memory (MB): peak = 1825.555 ; gain = 1106.516
---------------------------------------------------------------------------------
---------------------------------------------------------------------------------
Start Renaming Generated Nets
---------------------------------------------------------------------------------
---------------------------------------------------------------------------------
Finished Renaming Generated Nets : Time (s): cpu = 00:00:36 ; elapsed = 00:00:40 . Memory (MB): peak = 1825.555 ; gain = 1106.516
---------------------------------------------------------------------------------
---------------------------------------------------------------------------------
Start Writing Synthesis Report
---------------------------------------------------------------------------------

Report BlackBoxes: 
+-+--------------+----------+
| |BlackBox name |Instances |
+-+--------------+----------+
+-+--------------+----------+

Report Cell Usage: 
+------+---------+------+
|      |Cell     |Count |
+------+---------+------+
|1     |BUFG     |     1|
|2     |CARRY4   |     3|
|3     |LUT1     |     5|
|4     |LUT2     |    13|
|5     |LUT3     |     4|
|6     |LUT4     |     7|
|7     |LUT5     |     7|
|8     |LUT6     |     7|
|9     |RAMB18E1 |     1|
|10    |FDRE     |    31|
|11    |IBUF     |    12|
|12    |OBUF     |    10|
+------+---------+------+
---------------------------------------------------------------------------------
Finished Writing Synthesis Report : Time (s): cpu = 00:00:36 ; elapsed = 00:00:40 . Memory (MB): peak = 1825.555 ; gain = 1106.516
---------------------------------------------------------------------------------
Synthesis finished with 0 errors, 0 critical warnings and 0 warnings.
Synthesis Optimization Runtime : Time (s): cpu = 00:00:25 ; elapsed = 00:00:38 . Memory (MB): peak = 1825.555 ; gain = 1075.457
Synthesis Optimization Complete : Time (s): cpu = 00:00:37 ; elapsed = 00:00:40 . Memory (MB): peak = 1825.555 ; gain = 1106.516
INFO: [Project 1-571] Translating synthesized netlist
Netlist sorting complete. Time (s): cpu = 00:00:00 ; elapsed = 00:00:00.001 . Memory (MB): peak = 1834.754 ; gain = 0.000
INFO: [Netlist 29-17] Analyzing 4 Unisim elements for replacement
INFO: [Netlist 29-28] Unisim Transformation completed in 0 CPU seconds
INFO: [Project 1-570] Preparing netlist for logic optimization
INFO: [Opt 31-138] Pushed 0 inverter(s) to 0 load pin(s).
Netlist sorting complete. Time (s): cpu = 00:00:00 ; elapsed = 00:00:00 . Memory (MB): peak = 1838.348 ; gain = 0.000
INFO: [Project 1-111] Unisim Transformation Summary:
No Unisim elements were transformed.

Synth Design complete | Checksum: 72977e9f
INFO: [Common 17-83] Releasing license: Synthesis
27 Infos, 26 Warnings, 26 Critical Warnings and 0 Errors encountered.
synth_design completed successfully
synth_design: Time (s): cpu = 00:00:42 ; elapsed = 00:00:48 . Memory (MB): peak = 1838.348 ; gain = 1305.199
INFO: [runtcl-6] Synthesis results are not added to the cache due to CRITICAL_WARNING
Write ShapeDB Complete: Time (s): cpu = 00:00:00 ; elapsed = 00:00:00.002 . Memory (MB): peak = 1838.348 ; gain = 0.000
INFO: [Common 17-1381] The checkpoint 'C:/Documents/2026 Fall UA/ECE 580/Lab5/Lab5.runs/synth_1/fifo_wrapper.dcp' has been generated.
INFO: [Vivado 12-24828] Executing command : report_utilization -file fifo_wrapper_utilization_synth.rpt -pb fifo_wrapper_utilization_synth.pb
INFO: [Common 17-206] Exiting Vivado at Thu Oct  8 19:14:56 2026...
