#-----------------------------------------------------------
# Vivado v2025.2 (64-bit)
# SW Build 6299465 on Fri Nov 14 19:35:11 GMT 2025
# IP Build 6300035 on Fri Nov 14 10:48:45 MST 2025
# SharedData Build 6298862 on Thu Nov 13 04:50:51 MST 2025
# Start of session at: Thu Oct  8 19:13:53 2026
# Process ID         : 22104
# Current directory  : C:/Documents/2026 Fall UA/ECE 580/Lab5/Lab5.runs/synth_1
# Command line       : vivado.exe -log fifo_wrapper.vds -product Vivado -mode batch -messageDb vivado.pb -notrace -source fifo_wrapper.tcl
# Log file           : C:/Documents/2026 Fall UA/ECE 580/Lab5/Lab5.runs/synth_1/fifo_wrapper.vds
# Journal file       : C:/Documents/2026 Fall UA/ECE 580/Lab5/Lab5.runs/synth_1\vivado.jou
# Running On         : ASTRID
# Platform           : Windows Server 2016 or Windows 10
# Operating System   : 26300
# Processor Detail   : Intel(R) Core(TM) Ultra 9 185H
# CPU Frequency      : 3072 MHz
# CPU Physical cores : 16
# CPU Logical cores  : 22
# Host memory        : 33777 MB
# Swap memory        : 60328 MB
# Total Virtual      : 94105 MB
# Available Virtual  : 16916 MB
#-----------------------------------------------------------
source fifo_wrapper.tcl -notrace
